// Jest Snapshot v1, https://goo.gl/fbAQLP

exports[`<App /> should render and match the snapshot 1`] = `
<ForwardRef>
  <Switch>
    <Route
      path="/login"
      render={[Function]}
    />
    <Route
      component={[Function]}
      path="/forgot"
    />
    <Route
      path="/reset-password"
      render={[Function]}
    />
    <Route
      component={[Function]}
      path="/register"
    />
    <Route
      component={[Function]}
      path="/"
    />
    <Route
      component={[Function]}
    />
  </Switch>
  <GlobalStyleComponent />
</ForwardRef>
`;
